INFO 2026-03-23 19:54:23,502 telegram_bot 23588 18500 Загружен файл .env из C:\Users\User\Desktop\BirQadamFull-main\BirQadamDjango
INFO 2026-03-23 19:54:23,502 telegram_bot 23588 18500 Загружен токен: 83214... (частично для безопасности)
INFO 2026-03-23 19:54:23,747 telegram_bot 23588 18500 Приложение успешно создано с persistence
INFO 2026-03-23 19:54:25,091 telegram_bot 23764 26120 Загружен файл .env из C:\Users\User\Desktop\BirQadamFull-main\BirQadamDjango
INFO 2026-03-23 19:54:25,092 telegram_bot 23764 26120 Загружен токен: 83214... (частично для безопасности)
INFO 2026-03-23 19:54:25,184 telegram_bot 23764 26120 Приложение успешно создано с persistence
INFO 2026-03-23 19:54:25,213 autoreload 23764 26120 Watching for file changes with StatReloader
WARNING 2026-03-23 19:54:54,887 basehttp 23764 24488 "GET /api/web/me/ HTTP/1.1" 403 82
INFO 2026-03-23 19:55:03,606 web_portal 23764 24488 Пользователь вошёл в систему через веб-портал: admin (role=volunteer, is_organizer=False, organizer_status=pending)
INFO 2026-03-23 19:55:03,620 basehttp 23764 24488 "POST /api/web/login/ HTTP/1.1" 200 267
INFO 2026-03-23 19:55:04,608 profile 23764 14560 Found 7 achievements in database
INFO 2026-03-23 19:55:04,614 profile 23764 14560 First achievement: Новичок
INFO 2026-03-23 19:55:04,620 profile 23764 14560 get_volunteer_stats: returning 7 achievements
INFO 2026-03-23 19:55:04,622 profile 23764 14560 First achievement: {'id': 7, 'name': 'Новичок', 'description': 'Выполните первое задание и получите благодарность от команды BirQadam.', 'icon': 'mdi-star-outline', 'required_rating': 0, 'xp': 10, 'unlocked': True, 'unlocked_at': datetime.datetime(2026, 2, 19, 9, 31, 0, 81677, tzinfo=datetime.timezone.utc)}
INFO 2026-03-23 19:55:04,624 web_portal 23764 14560 Stats for user admin: achievements count = 7
INFO 2026-03-23 19:55:04,627 web_portal 23764 14560 First achievement sample: {'id': 7, 'name': 'Новичок', 'description': 'Выполните первое задание и получите благодарность от команды BirQadam.', 'icon': 'mdi-star-outline', 'required_rating': 0, 'xp': 10, 'unlocked': True, 'unlocked_at': datetime.datetime(2026, 2, 19, 9, 31, 0, 81677, tzinfo=datetime.timezone.utc)}
WARNING 2026-03-23 19:55:04,629 web_portal 23764 14560 WARNING: TEMPORARY: Returning raw stats data without serializer for debugging
INFO 2026-03-23 19:55:04,649 basehttp 23764 14560 "GET /api/web/volunteer/stats/ HTTP/1.1" 200 910
INFO 2026-03-23 19:55:04,686 web_portal 23764 24488 [DASHBOARD] User: admin (ID: None, Role: Volunteer), Authenticated: True
INFO 2026-03-23 19:55:04,687 web_portal 23764 24488 [DASHBOARD] Headers: {'Content-Length': '', 'Content-Type': 'text/plain', 'Host': 'localhost:8000', 'Connection': 'keep-alive', 'Sec-Ch-Ua-Platform': '"Windows"', 'User-Agent': 'Mozilla/5.0 (Windows NT 10.0; Win64; x64) AppleWebKit/537.36 (KHTML, like Gecko) Chrome/146.0.0.0 Safari/537.36', 'Accept': 'application/json, text/plain, */*', 'Sec-Ch-Ua': '"Chromium";v="146", "Not-A.Brand";v="24", "Google Chrome";v="146"', 'Sec-Ch-Ua-Mobile': '?0', 'Origin': 'http://localhost:5173', 'Sec-Fetch-Site': 'same-site', 'Sec-Fetch-Mode': 'cors', 'Sec-Fetch-Dest': 'empty', 'Referer': 'http://localhost:5173/', 'Accept-Encoding': 'gzip, deflate, br, zstd', 'Accept-Language': 'ru-RU,ru;q=0.9,en-US;q=0.8,en;q=0.7', 'Cookie': 'crisp-client%2Fsession%2F5ec308d9-5f70-460a-ba0d-902ed8c4269e=session_bf825dd7-7ef9-4022-bfce-3ace04d0e8e6; messages=.eJyLjlaKj88qzs-Lz00tLk5MT1XSMdAxMtVRiik1MDFMBZEmBiDS2BhMQtgpYNICTJojxE2MwGyoLoWC0qT03HwFhJixCRLbEMlsU4ipSjpKSrGxAIePKhY:1vfzNL:1AZkxNKpF6IFJb4iFO91Mbp298sXAm8yDNgKUfpKSyo; connect.sid=s%3AJLi-A2qJ2mC_ORXX8dAXy2aKZG2ol_tz.AEAeXMDR2UsR4Tc2griatknRU6sbXTxHl%2FZ6KMaFOMQ; csrftoken=20hr2MrvtBjRIPMn1faiCULCvdenPtNm; sessionid=ut86jul2vd35x3a9keb3ignd95rgju3o'}
INFO 2026-03-23 19:55:04,689 web_portal 23764 24488 [DASHBOARD] Cookies: {'crisp-client%2Fsession%2F5ec308d9-5f70-460a-ba0d-902ed8c4269e': 'session_bf825dd7-7ef9-4022-bfce-3ace04d0e8e6', 'messages': '.eJyLjlaKj88qzs-Lz00tLk5MT1XSMdAxMtVRiik1MDFMBZEmBiDS2BhMQtgpYNICTJojxE2MwGyoLoWC0qT03HwFhJixCRLbEMlsU4ipSjpKSrGxAIePKhY:1vfzNL:1AZkxNKpF6IFJb4iFO91Mbp298sXAm8yDNgKUfpKSyo', 'connect.sid': 's%3AJLi-A2qJ2mC_ORXX8dAXy2aKZG2ol_tz.AEAeXMDR2UsR4Tc2griatknRU6sbXTxHl%2FZ6KMaFOMQ', 'csrftoken': '20hr2MrvtBjRIPMn1faiCULCvdenPtNm', 'sessionid': 'ut86jul2vd35x3a9keb3ignd95rgju3o'}
INFO 2026-03-23 19:55:04,869 basehttp 23764 24488 "GET /api/web/volunteer/dashboard/ HTTP/1.1" 200 1188
INFO 2026-03-23 19:55:05,223 web_portal 23764 24488 [DEBUG] VolunteerProjectsAPIView: catalog has 5 projects, summary={'total_available': 5, 'joined_count': 4}
INFO 2026-03-23 19:55:05,227 web_portal 23764 24488 [DEBUG] VolunteerProjectsAPIView: Project titles: ['Уборка парка Горького', 'Тест проекта 3', 'Помощь детскому дому', 'Тест проекта Для задач', 'Фестиваль культуры']
INFO 2026-03-23 19:55:05,234 web_portal 23764 24488 [DEBUG] VolunteerProjectsAPIView: returning 5 serialized projects
INFO 2026-03-23 19:55:05,265 basehttp 23764 24488 "GET /api/web/volunteer/projects/ HTTP/1.1" 200 1338
INFO 2026-03-23 19:55:08,080 basehttp 23764 24488 "GET /custom-admin/api/v1/tasks/ HTTP/1.1" 200 660
INFO 2026-03-23 19:55:10,281 web_portal 23764 24488 [DEBUG] VolunteerProjectsAPIView: catalog has 5 projects, summary={'total_available': 5, 'joined_count': 4}
INFO 2026-03-23 19:55:10,283 web_portal 23764 24488 [DEBUG] VolunteerProjectsAPIView: Project titles: ['Уборка парка Горького', 'Тест проекта 3', 'Помощь детскому дому', 'Тест проекта Для задач', 'Фестиваль культуры']
INFO 2026-03-23 19:55:10,287 web_portal 23764 24488 [DEBUG] VolunteerProjectsAPIView: returning 5 serialized projects
INFO 2026-03-23 19:55:10,311 basehttp 23764 24488 "GET /api/web/volunteer/projects/ HTTP/1.1" 200 1364
INFO 2026-03-23 19:55:10,507 web_portal 23764 24488 [DEBUG] VolunteerProjectsAPIView: catalog has 5 projects, summary={'total_available': 5, 'joined_count': 4}
INFO 2026-03-23 19:55:10,509 web_portal 23764 24488 [DEBUG] VolunteerProjectsAPIView: Project titles: ['Уборка парка Горького', 'Тест проекта 3', 'Помощь детскому дому', 'Тест проекта Для задач', 'Фестиваль культуры']
INFO 2026-03-23 19:55:10,513 web_portal 23764 24488 [DEBUG] VolunteerProjectsAPIView: returning 5 serialized projects
INFO 2026-03-23 19:55:10,537 basehttp 23764 24488 "GET /api/web/volunteer/projects/ HTTP/1.1" 200 1308
INFO 2026-03-23 19:55:15,543 web_portal 23764 24488 [DEBUG] VolunteerProjectsAPIView: catalog has 5 projects, summary={'total_available': 5, 'joined_count': 4}
INFO 2026-03-23 19:55:15,543 web_portal 23764 24488 [DEBUG] VolunteerProjectsAPIView: Project titles: ['Уборка парка Горького', 'Тест проекта 3', 'Помощь детскому дому', 'Тест проекта Для задач', 'Фестиваль культуры']
INFO 2026-03-23 19:55:15,545 web_portal 23764 24488 [DEBUG] VolunteerProjectsAPIView: returning 5 serialized projects
INFO 2026-03-23 19:55:15,557 basehttp 23764 24488 "GET /api/web/volunteer/projects/ HTTP/1.1" 200 1312
INFO 2026-03-23 19:55:20,542 web_portal 23764 24488 [DEBUG] VolunteerProjectsAPIView: catalog has 5 projects, summary={'total_available': 5, 'joined_count': 4}
INFO 2026-03-23 19:55:20,542 web_portal 23764 24488 [DEBUG] VolunteerProjectsAPIView: Project titles: ['Уборка парка Горького', 'Тест проекта 3', 'Помощь детскому дому', 'Тест проекта Для задач', 'Фестиваль культуры']
INFO 2026-03-23 19:55:20,543 web_portal 23764 24488 [DEBUG] VolunteerProjectsAPIView: returning 5 serialized projects
INFO 2026-03-23 19:55:20,557 basehttp 23764 24488 "GET /api/web/volunteer/projects/ HTTP/1.1" 200 1342
INFO 2026-03-23 19:55:25,524 web_portal 23764 24488 [DEBUG] VolunteerProjectsAPIView: catalog has 5 projects, summary={'total_available': 5, 'joined_count': 4}
INFO 2026-03-23 19:55:25,525 web_portal 23764 24488 [DEBUG] VolunteerProjectsAPIView: Project titles: ['Уборка парка Горького', 'Тест проекта 3', 'Помощь детскому дому', 'Тест проекта Для задач', 'Фестиваль культуры']
INFO 2026-03-23 19:55:25,526 web_portal 23764 24488 [DEBUG] VolunteerProjectsAPIView: returning 5 serialized projects
INFO 2026-03-23 19:55:25,537 basehttp 23764 24488 "GET /api/web/volunteer/projects/ HTTP/1.1" 200 1350
INFO 2026-03-23 19:55:30,524 web_portal 23764 24488 [DEBUG] VolunteerProjectsAPIView: catalog has 5 projects, summary={'total_available': 5, 'joined_count': 4}
INFO 2026-03-23 19:55:30,525 web_portal 23764 24488 [DEBUG] VolunteerProjectsAPIView: Project titles: ['Уборка парка Горького', 'Тест проекта 3', 'Помощь детскому дому', 'Тест проекта Для задач', 'Фестиваль культуры']
INFO 2026-03-23 19:55:30,527 web_portal 23764 24488 [DEBUG] VolunteerProjectsAPIView: returning 5 serialized projects
INFO 2026-03-23 19:55:30,540 basehttp 23764 24488 "GET /api/web/volunteer/projects/ HTTP/1.1" 200 1311
INFO 2026-03-23 19:55:32,324 telegram_bot 21572 22768 Загружен файл .env из C:\Users\User\Desktop\BirQadamFull-main\BirQadamDjango
INFO 2026-03-23 19:55:32,325 telegram_bot 21572 22768 Загружен токен: 83214... (частично для безопасности)
INFO 2026-03-23 19:55:32,436 telegram_bot 21572 22768 Приложение успешно создано с persistence
INFO 2026-03-23 19:55:33,724 telegram_bot 27596 26992 Загружен файл .env из C:\Users\User\Desktop\BirQadamFull-main\BirQadamDjango
INFO 2026-03-23 19:55:33,724 telegram_bot 27596 26992 Загружен токен: 83214... (частично для безопасности)
INFO 2026-03-23 19:55:33,864 telegram_bot 27596 26992 Приложение успешно создано с persistence
INFO 2026-03-23 19:55:33,878 autoreload 27596 26992 Watching for file changes with StatReloader
INFO 2026-03-23 19:55:35,524 web_portal 23764 24488 [DEBUG] VolunteerProjectsAPIView: catalog has 5 projects, summary={'total_available': 5, 'joined_count': 4}
INFO 2026-03-23 19:55:35,524 web_portal 23764 24488 [DEBUG] VolunteerProjectsAPIView: Project titles: ['Уборка парка Горького', 'Тест проекта 3', 'Помощь детскому дому', 'Тест проекта Для задач', 'Фестиваль культуры']
INFO 2026-03-23 19:55:35,526 web_portal 23764 24488 [DEBUG] VolunteerProjectsAPIView: returning 5 serialized projects
INFO 2026-03-23 19:55:35,537 basehttp 23764 24488 "GET /api/web/volunteer/projects/ HTTP/1.1" 200 1354
INFO 2026-03-23 19:55:40,518 web_portal 23764 24488 [DEBUG] VolunteerProjectsAPIView: catalog has 5 projects, summary={'total_available': 5, 'joined_count': 4}
INFO 2026-03-23 19:55:40,519 web_portal 23764 24488 [DEBUG] VolunteerProjectsAPIView: Project titles: ['Уборка парка Горького', 'Тест проекта 3', 'Помощь детскому дому', 'Тест проекта Для задач', 'Фестиваль культуры']
INFO 2026-03-23 19:55:40,521 web_portal 23764 24488 [DEBUG] VolunteerProjectsAPIView: returning 5 serialized projects
INFO 2026-03-23 19:55:40,531 basehttp 23764 24488 "GET /api/web/volunteer/projects/ HTTP/1.1" 200 1313
INFO 2026-03-23 19:55:45,541 web_portal 23764 24488 [DEBUG] VolunteerProjectsAPIView: catalog has 5 projects, summary={'total_available': 5, 'joined_count': 4}
INFO 2026-03-23 19:55:45,542 web_portal 23764 24488 [DEBUG] VolunteerProjectsAPIView: Project titles: ['Уборка парка Горького', 'Тест проекта 3', 'Помощь детскому дому', 'Тест проекта Для задач', 'Фестиваль культуры']
INFO 2026-03-23 19:55:45,545 web_portal 23764 24488 [DEBUG] VolunteerProjectsAPIView: returning 5 serialized projects
INFO 2026-03-23 19:55:45,558 basehttp 23764 24488 "GET /api/web/volunteer/projects/ HTTP/1.1" 200 1316
INFO 2026-03-23 19:55:50,519 web_portal 23764 24488 [DEBUG] VolunteerProjectsAPIView: catalog has 5 projects, summary={'total_available': 5, 'joined_count': 4}
INFO 2026-03-23 19:55:50,520 web_portal 23764 24488 [DEBUG] VolunteerProjectsAPIView: Project titles: ['Уборка парка Горького', 'Тест проекта 3', 'Помощь детскому дому', 'Тест проекта Для задач', 'Фестиваль культуры']
INFO 2026-03-23 19:55:50,522 web_portal 23764 24488 [DEBUG] VolunteerProjectsAPIView: returning 5 serialized projects
INFO 2026-03-23 19:55:50,534 basehttp 23764 24488 "GET /api/web/volunteer/projects/ HTTP/1.1" 200 1360
INFO 2026-03-23 19:55:55,516 web_portal 23764 24488 [DEBUG] VolunteerProjectsAPIView: catalog has 5 projects, summary={'total_available': 5, 'joined_count': 4}
INFO 2026-03-23 19:55:55,517 web_portal 23764 24488 [DEBUG] VolunteerProjectsAPIView: Project titles: ['Уборка парка Горького', 'Тест проекта 3', 'Помощь детскому дому', 'Тест проекта Для задач', 'Фестиваль культуры']
INFO 2026-03-23 19:55:55,518 web_portal 23764 24488 [DEBUG] VolunteerProjectsAPIView: returning 5 serialized projects
INFO 2026-03-23 19:55:55,530 basehttp 23764 24488 "GET /api/web/volunteer/projects/ HTTP/1.1" 200 1316
INFO 2026-03-23 19:56:00,530 web_portal 23764 24488 [DEBUG] VolunteerProjectsAPIView: catalog has 5 projects, summary={'total_available': 5, 'joined_count': 4}
INFO 2026-03-23 19:56:00,530 web_portal 23764 24488 [DEBUG] VolunteerProjectsAPIView: Project titles: ['Уборка парка Горького', 'Тест проекта 3', 'Помощь детскому дому', 'Тест проекта Для задач', 'Фестиваль культуры']
INFO 2026-03-23 19:56:00,532 web_portal 23764 24488 [DEBUG] VolunteerProjectsAPIView: returning 5 serialized projects
INFO 2026-03-23 19:56:00,542 basehttp 23764 24488 "GET /api/web/volunteer/projects/ HTTP/1.1" 200 1357
INFO 2026-03-23 19:56:05,526 web_portal 23764 24488 [DEBUG] VolunteerProjectsAPIView: catalog has 5 projects, summary={'total_available': 5, 'joined_count': 4}
INFO 2026-03-23 19:56:05,527 web_portal 23764 24488 [DEBUG] VolunteerProjectsAPIView: Project titles: ['Уборка парка Горького', 'Тест проекта 3', 'Помощь детскому дому', 'Тест проекта Для задач', 'Фестиваль культуры']
INFO 2026-03-23 19:56:05,528 web_portal 23764 24488 [DEBUG] VolunteerProjectsAPIView: returning 5 serialized projects
INFO 2026-03-23 19:56:05,538 basehttp 23764 24488 "GET /api/web/volunteer/projects/ HTTP/1.1" 200 1318
INFO 2026-03-23 19:56:10,535 web_portal 23764 24488 [DEBUG] VolunteerProjectsAPIView: catalog has 5 projects, summary={'total_available': 5, 'joined_count': 4}
INFO 2026-03-23 19:56:10,536 web_portal 23764 24488 [DEBUG] VolunteerProjectsAPIView: Project titles: ['Уборка парка Горького', 'Тест проекта 3', 'Помощь детскому дому', 'Тест проекта Для задач', 'Фестиваль культуры']
INFO 2026-03-23 19:56:10,538 web_portal 23764 24488 [DEBUG] VolunteerProjectsAPIView: returning 5 serialized projects
INFO 2026-03-23 19:56:10,550 basehttp 23764 24488 "GET /api/web/volunteer/projects/ HTTP/1.1" 200 1340
INFO 2026-03-23 19:56:23,559 web_portal 23764 24488 [DEBUG] VolunteerProjectsAPIView: catalog has 5 projects, summary={'total_available': 5, 'joined_count': 4}
INFO 2026-03-23 19:56:23,560 web_portal 23764 24488 [DEBUG] VolunteerProjectsAPIView: Project titles: ['Уборка парка Горького', 'Тест проекта 3', 'Помощь детскому дому', 'Тест проекта Для задач', 'Фестиваль культуры']
INFO 2026-03-23 19:56:23,561 web_portal 23764 24488 [DEBUG] VolunteerProjectsAPIView: returning 5 serialized projects
INFO 2026-03-23 19:56:23,577 basehttp 23764 24488 "GET /api/web/volunteer/projects/ HTTP/1.1" 200 1357
INFO 2026-03-23 19:57:23,565 web_portal 23764 24488 [DEBUG] VolunteerProjectsAPIView: catalog has 5 projects, summary={'total_available': 5, 'joined_count': 4}
INFO 2026-03-23 19:57:23,566 web_portal 23764 24488 [DEBUG] VolunteerProjectsAPIView: Project titles: ['Уборка парка Горького', 'Тест проекта 3', 'Помощь детскому дому', 'Тест проекта Для задач', 'Фестиваль культуры']
INFO 2026-03-23 19:57:23,567 web_portal 23764 24488 [DEBUG] VolunteerProjectsAPIView: returning 5 serialized projects
INFO 2026-03-23 19:57:23,579 basehttp 23764 24488 "GET /api/web/volunteer/projects/ HTTP/1.1" 200 1303
INFO 2026-03-23 19:58:17,438 web_portal 27596 26660 [DASHBOARD] User: 77708545810 (ID: None, Role: Volunteer), Authenticated: True
INFO 2026-03-23 19:58:17,440 web_portal 27596 26660 [DASHBOARD] Headers: {'Content-Length': '', 'Content-Type': 'text/plain', 'Host': '192.168.0.129:8000', 'Accept': 'application/json, text/plain, */*', 'Connection': 'keep-alive', 'Cookie': 'sessionid=kf8097i81o9ltw1eleg61bpsyhczgotd', 'User-Agent': 'Expo/1017756 CFNetwork/3860.300.31 Darwin/25.2.0', 'Authorization': 'Bearer eyJhbGciOiJIUzI1NiIsInR5cCI6IkpXVCJ9.eyJ0b2tlbl90eXBlIjoiYWNjZXNzIiwiZXhwIjoxNzc0MjA1NDE5LCJpYXQiOjE3NzQxMTkwMTksImp0aSI6IjAzNzkxNDcwMjQxMzRmNDliYjdiODI1ZWJlZTUzZjQwIiwidXNlcl9pZCI6Ijk1NjUifQ.huA1t5elUZPIDaLtaEBMEuVBpkRX4MxiRVi2TaVWDwg', 'Accept-Language': 'ru', 'Accept-Encoding': 'gzip, deflate'}
INFO 2026-03-23 19:58:17,441 web_portal 27596 26660 [DASHBOARD] Cookies: {'sessionid': 'kf8097i81o9ltw1eleg61bpsyhczgotd'}
INFO 2026-03-23 19:58:17,479 web_portal 27596 21280 VolunteerProfileAPIView: Returning profile data for user 77708545810, trust_factor=0, average_rating=5.0
INFO 2026-03-23 19:58:17,480 web_portal 27596 19992 [DEBUG] VolunteerProjectsAPIView: catalog has 5 projects, summary={'total_available': 5, 'joined_count': 3}
INFO 2026-03-23 19:58:17,482 web_portal 27596 19992 [DEBUG] VolunteerProjectsAPIView: Project titles: ['Уборка парка Горького', 'Тест проекта 3', 'Помощь детскому дому', 'Тест проекта Для задач', 'Фестиваль культуры']
INFO 2026-03-23 19:58:17,484 web_portal 27596 19992 [DEBUG] VolunteerProjectsAPIView: returning 5 serialized projects
INFO 2026-03-23 19:58:17,490 basehttp 27596 21280 "GET /api/web/volunteer/profile/ HTTP/1.1" 200 165
INFO 2026-03-23 19:58:17,498 basehttp 27596 19992 "GET /api/web/volunteer/projects/ HTTP/1.1" 200 1311
INFO 2026-03-23 19:58:17,506 basehttp 27596 26660 "GET /api/web/volunteer/dashboard/ HTTP/1.1" 200 839
INFO 2026-03-23 19:58:17,612 urls 27596 26660 [serve_media] Original path: projects/2026/03/21/undraw_charts_lvf9.png
INFO 2026-03-23 19:58:17,613 urls 27596 26660 [serve_media] Decoded path: projects/2026/03/21/undraw_charts_lvf9.png
INFO 2026-03-23 19:58:17,613 urls 27596 26660 [serve_media] Normalized path: projects/2026/03/21/undraw_charts_lvf9.png
INFO 2026-03-23 19:58:17,614 urls 27596 26660 [serve_media] Media root: C:\Users\User\Desktop\BirQadamFull-main\BirQadamDjango\media
INFO 2026-03-23 19:58:17,615 urls 27596 26660 [serve_media] File path: C:\Users\User\Desktop\BirQadamFull-main\BirQadamDjango\media\projects\2026\03\21\undraw_charts_lvf9.png
WARNING 2026-03-23 19:58:17,616 urls 27596 26660 [serve_media] File not found: C:\Users\User\Desktop\BirQadamFull-main\BirQadamDjango\media\projects\2026\03\21\undraw_charts_lvf9.png
WARNING 2026-03-23 19:58:17,616 urls 27596 26660 [serve_media] MEDIA_ROOT: C:\Users\User\Desktop\BirQadamFull-main\BirQadamDjango\media
WARNING 2026-03-23 19:58:17,616 urls 27596 26660 [serve_media] Attempted file path: C:\Users\User\Desktop\BirQadamFull-main\BirQadamDjango\media\projects\2026\03\21\undraw_charts_lvf9.png
WARNING 2026-03-23 19:58:17,619 basehttp 27596 26660 "GET /media/projects/2026/03/21/undraw_charts_lvf9.png HTTP/1.1" 404 119
INFO 2026-03-23 19:58:21,159 basehttp 27596 26660 "GET /custom-admin/api/v1/tasks/ HTTP/1.1" 200 662
WARNING 2026-03-23 19:58:23,338 basehttp 27596 26660 "GET /custom-admin/api/v1/tasks/32488/ HTTP/1.1" 404 2886
INFO 2026-03-23 19:58:23,523 web_portal 23764 24488 [DEBUG] VolunteerProjectsAPIView: catalog has 5 projects, summary={'total_available': 5, 'joined_count': 4}
INFO 2026-03-23 19:58:23,523 web_portal 23764 24488 [DEBUG] VolunteerProjectsAPIView: Project titles: ['Уборка парка Горького', 'Тест проекта 3', 'Помощь детскому дому', 'Тест проекта Для задач', 'Фестиваль культуры']
INFO 2026-03-23 19:58:23,524 web_portal 23764 24488 [DEBUG] VolunteerProjectsAPIView: returning 5 serialized projects
INFO 2026-03-23 19:58:23,534 basehttp 23764 24488 "GET /api/web/volunteer/projects/ HTTP/1.1" 200 1321
WARNING 2026-03-23 19:58:26,988 basehttp 27596 26660 "GET /custom-admin/api/v1/tasks/32484/ HTTP/1.1" 404 2955
INFO 2026-03-23 19:58:39,558 basehttp 27596 26660 "GET /api/web/volunteer/projects/583/ HTTP/1.1" 200 911
INFO 2026-03-23 19:58:39,659 web_portal 27596 26660 VolunteerProfileAPIView: Returning profile data for user 77708545810, trust_factor=0, average_rating=5.0
INFO 2026-03-23 19:58:39,669 basehttp 27596 26660 "GET /api/web/volunteer/profile/ HTTP/1.1" 200 165
INFO 2026-03-23 19:58:39,752 urls 27596 26660 [serve_media] Original path: projects/2026/03/21/undraw_charts_lvf9.png
INFO 2026-03-23 19:58:39,753 urls 27596 26660 [serve_media] Decoded path: projects/2026/03/21/undraw_charts_lvf9.png
INFO 2026-03-23 19:58:39,753 urls 27596 26660 [serve_media] Normalized path: projects/2026/03/21/undraw_charts_lvf9.png
INFO 2026-03-23 19:58:39,754 urls 27596 26660 [serve_media] Media root: C:\Users\User\Desktop\BirQadamFull-main\BirQadamDjango\media
INFO 2026-03-23 19:58:39,755 urls 27596 26660 [serve_media] File path: C:\Users\User\Desktop\BirQadamFull-main\BirQadamDjango\media\projects\2026\03\21\undraw_charts_lvf9.png
WARNING 2026-03-23 19:58:39,755 urls 27596 26660 [serve_media] File not found: C:\Users\User\Desktop\BirQadamFull-main\BirQadamDjango\media\projects\2026\03\21\undraw_charts_lvf9.png
WARNING 2026-03-23 19:58:39,756 urls 27596 26660 [serve_media] MEDIA_ROOT: C:\Users\User\Desktop\BirQadamFull-main\BirQadamDjango\media
WARNING 2026-03-23 19:58:39,757 urls 27596 26660 [serve_media] Attempted file path: C:\Users\User\Desktop\BirQadamFull-main\BirQadamDjango\media\projects\2026\03\21\undraw_charts_lvf9.png
WARNING 2026-03-23 19:58:39,759 basehttp 27596 26660 "GET /media/projects/2026/03/21/undraw_charts_lvf9.png HTTP/1.1" 404 119
INFO 2026-03-23 19:58:46,655 basehttp 27596 26660 "POST /api/web/volunteer/projects/583/leave/ HTTP/1.1" 200 104
INFO 2026-03-23 19:58:46,768 basehttp 27596 26660 "GET /api/web/volunteer/projects/583/ HTTP/1.1" 200 853
INFO 2026-03-23 19:58:46,849 web_portal 27596 26660 VolunteerProfileAPIView: Returning profile data for user 77708545810, trust_factor=0, average_rating=5.0
INFO 2026-03-23 19:58:46,858 basehttp 27596 26660 "GET /api/web/volunteer/profile/ HTTP/1.1" 200 165
INFO 2026-03-23 19:58:46,931 urls 27596 26660 [serve_media] Original path: projects/2026/03/21/undraw_charts_lvf9.png
INFO 2026-03-23 19:58:46,932 urls 27596 26660 [serve_media] Decoded path: projects/2026/03/21/undraw_charts_lvf9.png
INFO 2026-03-23 19:58:46,933 urls 27596 26660 [serve_media] Normalized path: projects/2026/03/21/undraw_charts_lvf9.png
INFO 2026-03-23 19:58:46,934 urls 27596 26660 [serve_media] Media root: C:\Users\User\Desktop\BirQadamFull-main\BirQadamDjango\media
INFO 2026-03-23 19:58:46,935 urls 27596 26660 [serve_media] File path: C:\Users\User\Desktop\BirQadamFull-main\BirQadamDjango\media\projects\2026\03\21\undraw_charts_lvf9.png
WARNING 2026-03-23 19:58:46,936 urls 27596 26660 [serve_media] File not found: C:\Users\User\Desktop\BirQadamFull-main\BirQadamDjango\media\projects\2026\03\21\undraw_charts_lvf9.png
WARNING 2026-03-23 19:58:46,937 urls 27596 26660 [serve_media] MEDIA_ROOT: C:\Users\User\Desktop\BirQadamFull-main\BirQadamDjango\media
WARNING 2026-03-23 19:58:46,937 urls 27596 26660 [serve_media] Attempted file path: C:\Users\User\Desktop\BirQadamFull-main\BirQadamDjango\media\projects\2026\03\21\undraw_charts_lvf9.png
WARNING 2026-03-23 19:58:46,939 basehttp 27596 26660 "GET /media/projects/2026/03/21/undraw_charts_lvf9.png HTTP/1.1" 404 119
INFO 2026-03-23 19:58:53,180 basehttp 27596 26660 - Broken pipe from ('192.168.0.71', 49717)
INFO 2026-03-23 19:59:13,062 web_portal 27596 16232 [DEBUG] VolunteerProjectsAPIView: catalog has 5 projects, summary={'total_available': 5, 'joined_count': 4}
INFO 2026-03-23 19:59:13,064 web_portal 27596 16232 [DEBUG] VolunteerProjectsAPIView: Project titles: ['Уборка парка Горького', 'Тест проекта 3', 'Помощь детскому дому', 'Тест проекта Для задач', 'Фестиваль культуры']
INFO 2026-03-23 19:59:13,067 web_portal 27596 16232 [DEBUG] VolunteerProjectsAPIView: returning 5 serialized projects
INFO 2026-03-23 19:59:13,084 basehttp 27596 16232 "GET /api/web/volunteer/projects/ HTTP/1.1" 200 1278
